lumina:  /Users/abdullahiabdi/Developer/lumina-lumi-port/.build/arm64-apple-macosx/release/lumina
version: 0.7.1

── cold path (10 iters of `lumina run 'true'`) ──
  iter 1: 207ms
  iter 2: 188ms
  iter 3: 186ms
  iter 4: 225ms
  iter 5: 186ms
  iter 6: 200ms
  iter 7: 200ms
  iter 8: 194ms
  iter 9: 200ms
  iter 10: 201ms

  cold summary:
    P50=200ms  P95=225ms  P99=225ms  min=186ms  max=225ms  n=10

── starting `lumina daemon serve --size 4` ──
  daemon ready

── warm path (20 iters of `lumina run --via-daemon 'true'`) ──
  iter 1: 1ms
  iter 6: 0ms
  iter 11: 138ms
  iter 16: 0ms

  warm summary:
    P50=4ms  P95=177ms  P99=282ms  min=0ms  max=282ms  n=20

── ≥100 concurrent (xargs -P 100) ──
xargs: command line cannot be assembled, too long
  ok=0
0 fail=0
0 / 100

── stopping daemon ──
daemon stopped

Done.
