lumina:  /Users/abdullahiabdi/Developer/lumina-lumi-port/.build/arm64-apple-macosx/release/lumina
version: 0.7.1

── cold path (10 iters of `lumina run 'true'`) ──
  iter 1: 189ms
  iter 2: 193ms
  iter 3: 210ms
  iter 4: 192ms
  iter 5: 198ms
  iter 6: 190ms
  iter 7: 189ms
  iter 8: 186ms
  iter 9: 185ms
  iter 10: 202ms

  cold summary:
    P50=190ms  P95=210ms  P99=210ms  min=185ms  max=210ms  n=10

── starting `lumina daemon serve --size 4` ──
  daemon ready

── warm path (20 iters of `lumina run --via-daemon 'true'`) ──
  iter 1: 1ms
  iter 6: 0ms
  iter 11: 30ms
  iter 16: 0ms

  warm summary:
    P50=1ms  P95=278ms  P99=327ms  min=0ms  max=327ms  n=20

── ≥100 concurrent (xargs -P 8 to match pool ceiling) ──
  ok=100 fail=0
0 / 100

── stopping daemon ──
daemon stopped

Done.
